<?xml version="1.0" encoding="ISO-8859-1" ?>
<link_info>
   <banner>TI ARM Clang Linker Unix v4.0.3.LTS</banner>
   <copyright>Copyright (c) 1996-2018 Texas Instruments Incorporated</copyright>
   <command_line>/Applications/ti/ccs2030/ccs/tools/compiler/ti-cgt-armllvm_4.0.3.LTS/bin/tiarmlnk -I/Applications/ti/ccs2030/ccs/tools/compiler/ti-cgt-armllvm_4.0.3.LTS/lib -o HW5.out -mHW5.map -i/Users/ryan/ti/simplelink_cc13xx_cc26xx_sdk_8_31_00_11/source -i/Users/ryan/ti/simplelink_cc13xx_cc26xx_sdk_8_31_00_11/kernel/nortos -i/Users/ryan/workspace_ccstheia/HW5/Debug/syscfg -i/Applications/ti/ccs2030/ccs/tools/compiler/ti-cgt-armllvm_4.0.3.LTS/lib --diag_wrap=off --display_error_number --warn_sections --xml_link_info=HW5_linkInfo.xml --rom_model ./LCD.o ./syscfg/ti_devices_config.o ./syscfg/ti_drivers_config.o ./init.o ./main.o ./servo.o ./utils.o ../cc13x2_cc26x2_nortos.cmd -lti_utils_build_linker.cmd.genlibs -llibc.a --start-group -llibc++.a -llibc++abi.a -llibc.a -llibsys.a -llibsysbm.a -llibclang_rt.builtins.a -llibclang_rt.profile.a --end-group --cg_opt_level=z</command_line>
   <link_time>0x693ca36a</link_time>
   <link_errors>0x0</link_errors>
   <output_file>/Users/ryan/workspace_ccstheia/HW5/Debug/HW5.out</output_file>
   <entry_point>
      <name>resetISR</name>
      <address>0x62f</address>
   </entry_point>
   <input_file_list>
      <input_file id="fl-1">
         <path>/Users/ryan/workspace_ccstheia/HW5/Debug/./</path>
         <kind>object</kind>
         <file>LCD.o</file>
         <name>LCD.o</name>
      </input_file>
      <input_file id="fl-2">
         <path>/Users/ryan/workspace_ccstheia/HW5/Debug/./syscfg/</path>
         <kind>object</kind>
         <file>ti_devices_config.o</file>
         <name>ti_devices_config.o</name>
      </input_file>
      <input_file id="fl-3">
         <path>/Users/ryan/workspace_ccstheia/HW5/Debug/./syscfg/</path>
         <kind>object</kind>
         <file>ti_drivers_config.o</file>
         <name>ti_drivers_config.o</name>
      </input_file>
      <input_file id="fl-4">
         <path>/Users/ryan/workspace_ccstheia/HW5/Debug/./</path>
         <kind>object</kind>
         <file>init.o</file>
         <name>init.o</name>
      </input_file>
      <input_file id="fl-5">
         <path>/Users/ryan/workspace_ccstheia/HW5/Debug/./</path>
         <kind>object</kind>
         <file>main.o</file>
         <name>main.o</name>
      </input_file>
      <input_file id="fl-6">
         <path>/Users/ryan/workspace_ccstheia/HW5/Debug/./</path>
         <kind>object</kind>
         <file>servo.o</file>
         <name>servo.o</name>
      </input_file>
      <input_file id="fl-7">
         <path>/Users/ryan/workspace_ccstheia/HW5/Debug/./</path>
         <kind>object</kind>
         <file>utils.o</file>
         <name>utils.o</name>
      </input_file>
      <input_file id="fl-18">
         <path>/Users/ryan/workspace_ccstheia/HW5/Debug/</path>
         <kind>object</kind>
         <file>&lt;internal&gt;</file>
         <name>&lt;internal&gt;</name>
      </input_file>
      <input_file id="fl-19">
         <path>/Users/ryan/ti/simplelink_cc13xx_cc26xx_sdk_8_31_00_11/kernel/nortos/lib/ticlang/m4f/</path>
         <kind>archive</kind>
         <file>nortos_cc26x2.a</file>
         <name>PowerCC26X2_nortos.c.obj</name>
      </input_file>
      <input_file id="fl-1a">
         <path>/Users/ryan/ti/simplelink_cc13xx_cc26xx_sdk_8_31_00_11/kernel/nortos/lib/ticlang/m4f/</path>
         <kind>archive</kind>
         <file>nortos_cc26x2.a</file>
         <name>SwiP_nortos.c.obj</name>
      </input_file>
      <input_file id="fl-1b">
         <path>/Users/ryan/ti/simplelink_cc13xx_cc26xx_sdk_8_31_00_11/kernel/nortos/lib/ticlang/m4f/</path>
         <kind>archive</kind>
         <file>nortos_cc26x2.a</file>
         <name>ClockPTimer_nortos.c.obj</name>
      </input_file>
      <input_file id="fl-1c">
         <path>/Users/ryan/ti/simplelink_cc13xx_cc26xx_sdk_8_31_00_11/kernel/nortos/lib/ticlang/m4f/</path>
         <kind>archive</kind>
         <file>nortos_cc26x2.a</file>
         <name>QueueP_nortos.c.obj</name>
      </input_file>
      <input_file id="fl-1d">
         <path>/Users/ryan/ti/simplelink_cc13xx_cc26xx_sdk_8_31_00_11/kernel/nortos/lib/ticlang/m4f/</path>
         <kind>archive</kind>
         <file>nortos_cc26x2.a</file>
         <name>HwiPCC26XX_nortos.c.obj</name>
      </input_file>
      <input_file id="fl-1e">
         <path>/Users/ryan/ti/simplelink_cc13xx_cc26xx_sdk_8_31_00_11/kernel/nortos/lib/ticlang/m4f/</path>
         <kind>archive</kind>
         <file>nortos_cc26x2.a</file>
         <name>TimerPCC26XX_nortos.c.obj</name>
      </input_file>
      <input_file id="fl-1f">
         <path>/Users/ryan/ti/simplelink_cc13xx_cc26xx_sdk_8_31_00_11/kernel/nortos/lib/ticlang/m4f/</path>
         <kind>archive</kind>
         <file>nortos_cc26x2.a</file>
         <name>SemaphoreP_nortos.c.obj</name>
      </input_file>
      <input_file id="fl-20">
         <path>/Users/ryan/ti/simplelink_cc13xx_cc26xx_sdk_8_31_00_11/source/ti/drivers/lib/ticlang/m4f/</path>
         <kind>archive</kind>
         <file>drivers_cc26x2.a</file>
         <name>GPIO.c.obj</name>
      </input_file>
      <input_file id="fl-21">
         <path>/Users/ryan/ti/simplelink_cc13xx_cc26xx_sdk_8_31_00_11/source/ti/drivers/lib/ticlang/m4f/</path>
         <kind>archive</kind>
         <file>drivers_cc26x2.a</file>
         <name>GPIOCC26XX.c.obj</name>
      </input_file>
      <input_file id="fl-22">
         <path>/Users/ryan/ti/simplelink_cc13xx_cc26xx_sdk_8_31_00_11/source/ti/drivers/lib/ticlang/m4f/</path>
         <kind>archive</kind>
         <file>drivers_cc26x2.a</file>
         <name>PowerCC26X2.c.obj</name>
      </input_file>
      <input_file id="fl-23">
         <path>/Users/ryan/ti/simplelink_cc13xx_cc26xx_sdk_8_31_00_11/source/ti/drivers/lib/ticlang/m4f/</path>
         <kind>archive</kind>
         <file>drivers_cc26x2.a</file>
         <name>PowerCC26X2_calibrateRCOSC.c.obj</name>
      </input_file>
      <input_file id="fl-24">
         <path>/Users/ryan/ti/simplelink_cc13xx_cc26xx_sdk_8_31_00_11/source/ti/drivers/lib/ticlang/m4f/</path>
         <kind>archive</kind>
         <file>drivers_cc26x2.a</file>
         <name>TemperatureCC26X2.c.obj</name>
      </input_file>
      <input_file id="fl-25">
         <path>/Users/ryan/ti/simplelink_cc13xx_cc26xx_sdk_8_31_00_11/source/ti/drivers/lib/ticlang/m4f/</path>
         <kind>archive</kind>
         <file>drivers_cc26x2.a</file>
         <name>GPIOCC26X2.c.obj</name>
      </input_file>
      <input_file id="fl-26">
         <path>/Users/ryan/ti/simplelink_cc13xx_cc26xx_sdk_8_31_00_11/source/ti/drivers/lib/ticlang/m4f/</path>
         <kind>archive</kind>
         <file>drivers_cc26x2.a</file>
         <name>PowerCC26X2_calibrateRCOSC_helpers.c.obj</name>
      </input_file>
      <input_file id="fl-27">
         <path>/Users/ryan/ti/simplelink_cc13xx_cc26xx_sdk_8_31_00_11/source/ti/drivers/lib/ticlang/m4f/</path>
         <kind>archive</kind>
         <file>drivers_cc26x2.a</file>
         <name>PowerCC26X2_helpers.c.obj</name>
      </input_file>
      <input_file id="fl-28">
         <path>/Users/ryan/ti/simplelink_cc13xx_cc26xx_sdk_8_31_00_11/source/ti/drivers/lib/ticlang/m4f/</path>
         <kind>archive</kind>
         <file>drivers_cc26x2.a</file>
         <name>List.c.obj</name>
      </input_file>
      <input_file id="fl-29">
         <path>/Users/ryan/ti/simplelink_cc13xx_cc26xx_sdk_8_31_00_11/source/ti/devices/cc13x2_cc26x2/driverlib/bin/ticlang/</path>
         <kind>archive</kind>
         <file>driverlib.lib</file>
         <name>cpu.c.obj</name>
      </input_file>
      <input_file id="fl-2a">
         <path>/Users/ryan/ti/simplelink_cc13xx_cc26xx_sdk_8_31_00_11/source/ti/devices/cc13x2_cc26x2/driverlib/bin/ticlang/</path>
         <kind>archive</kind>
         <file>driverlib.lib</file>
         <name>interrupt.c.obj</name>
      </input_file>
      <input_file id="fl-2b">
         <path>/Users/ryan/ti/simplelink_cc13xx_cc26xx_sdk_8_31_00_11/source/ti/devices/cc13x2_cc26x2/driverlib/bin/ticlang/</path>
         <kind>archive</kind>
         <file>driverlib.lib</file>
         <name>osc.c.obj</name>
      </input_file>
      <input_file id="fl-2c">
         <path>/Users/ryan/ti/simplelink_cc13xx_cc26xx_sdk_8_31_00_11/source/ti/devices/cc13x2_cc26x2/driverlib/bin/ticlang/</path>
         <kind>archive</kind>
         <file>driverlib.lib</file>
         <name>prcm.c.obj</name>
      </input_file>
      <input_file id="fl-2d">
         <path>/Users/ryan/ti/simplelink_cc13xx_cc26xx_sdk_8_31_00_11/source/ti/devices/cc13x2_cc26x2/driverlib/bin/ticlang/</path>
         <kind>archive</kind>
         <file>driverlib.lib</file>
         <name>sys_ctrl.c.obj</name>
      </input_file>
      <input_file id="fl-44">
         <path>/Applications/ti/ccs2030/ccs/tools/compiler/ti-cgt-armllvm_4.0.3.LTS/lib/armv7em-ti-none-eabihf/c/</path>
         <kind>archive</kind>
         <file>libc.a</file>
         <name>memory.c.obj</name>
      </input_file>
      <input_file id="fl-45">
         <path>/Applications/ti/ccs2030/ccs/tools/compiler/ti-cgt-armllvm_4.0.3.LTS/lib/armv7em-ti-none-eabihf/c/</path>
         <kind>archive</kind>
         <file>libc.a</file>
         <name>copy_zero_init.c.obj</name>
      </input_file>
      <input_file id="fl-46">
         <path>/Applications/ti/ccs2030/ccs/tools/compiler/ti-cgt-armllvm_4.0.3.LTS/lib/armv7em-ti-none-eabihf/c/</path>
         <kind>archive</kind>
         <file>libc.a</file>
         <name>copy_decompress_none.c.obj</name>
      </input_file>
      <input_file id="fl-47">
         <path>/Applications/ti/ccs2030/ccs/tools/compiler/ti-cgt-armllvm_4.0.3.LTS/lib/armv7em-ti-none-eabihf/c/</path>
         <kind>archive</kind>
         <file>libc.a</file>
         <name>copy_decompress_lzss.c.obj</name>
      </input_file>
      <input_file id="fl-48">
         <path>/Applications/ti/ccs2030/ccs/tools/compiler/ti-cgt-armllvm_4.0.3.LTS/lib/armv7em-ti-none-eabihf/c/</path>
         <kind>archive</kind>
         <file>libc.a</file>
         <name>_lock.c.obj</name>
      </input_file>
      <input_file id="fl-e8">
         <path>/Applications/ti/ccs2030/ccs/tools/compiler/ti-cgt-armllvm_4.0.3.LTS/lib/armv7em-ti-none-eabihf/</path>
         <kind>archive</kind>
         <file>libclang_rt.builtins.a</file>
         <name>ashldi3.S.obj</name>
      </input_file>
      <input_file id="fl-e9">
         <path>/Applications/ti/ccs2030/ccs/tools/compiler/ti-cgt-armllvm_4.0.3.LTS/lib/armv7em-ti-none-eabihf/</path>
         <kind>archive</kind>
         <file>libclang_rt.builtins.a</file>
         <name>ashrdi3.S.obj</name>
      </input_file>
      <input_file id="fl-ea">
         <path>/Applications/ti/ccs2030/ccs/tools/compiler/ti-cgt-armllvm_4.0.3.LTS/lib/armv7em-ti-none-eabihf/</path>
         <kind>archive</kind>
         <file>libclang_rt.builtins.a</file>
         <name>aeabi_ldivmod.S.obj</name>
      </input_file>
      <input_file id="fl-eb">
         <path>/Applications/ti/ccs2030/ccs/tools/compiler/ti-cgt-armllvm_4.0.3.LTS/lib/armv7em-ti-none-eabihf/</path>
         <kind>archive</kind>
         <file>libclang_rt.builtins.a</file>
         <name>aeabi_memcpy.S.obj</name>
      </input_file>
      <input_file id="fl-ec">
         <path>/Applications/ti/ccs2030/ccs/tools/compiler/ti-cgt-armllvm_4.0.3.LTS/lib/armv7em-ti-none-eabihf/</path>
         <kind>archive</kind>
         <file>libclang_rt.builtins.a</file>
         <name>aeabi_memset.S.obj</name>
      </input_file>
      <input_file id="fl-ed">
         <path>/Applications/ti/ccs2030/ccs/tools/compiler/ti-cgt-armllvm_4.0.3.LTS/lib/armv7em-ti-none-eabihf/</path>
         <kind>archive</kind>
         <file>libclang_rt.builtins.a</file>
         <name>aeabi_uldivmod.S.obj</name>
      </input_file>
      <input_file id="fl-ee">
         <path>/Applications/ti/ccs2030/ccs/tools/compiler/ti-cgt-armllvm_4.0.3.LTS/lib/armv7em-ti-none-eabihf/</path>
         <kind>archive</kind>
         <file>libclang_rt.builtins.a</file>
         <name>udivmoddi4.S.obj</name>
      </input_file>
      <input_file id="fl-ef">
         <path>/Applications/ti/ccs2030/ccs/tools/compiler/ti-cgt-armllvm_4.0.3.LTS/lib/armv7em-ti-none-eabihf/</path>
         <kind>archive</kind>
         <file>libclang_rt.builtins.a</file>
         <name>divmoddi4.c.obj</name>
      </input_file>
      <input_file id="fl-f0">
         <path>/Applications/ti/ccs2030/ccs/tools/compiler/ti-cgt-armllvm_4.0.3.LTS/lib/armv7em-ti-none-eabihf/</path>
         <kind>archive</kind>
         <file>libclang_rt.builtins.a</file>
         <name>aeabi_div0.c.obj</name>
      </input_file>
      <input_file id="fl-f1">
         <path>/Applications/ti/ccs2030/ccs/tools/compiler/ti-cgt-armllvm_4.0.3.LTS/lib/armv7em-ti-none-eabihf/c/</path>
         <kind>archive</kind>
         <file>libc.a</file>
         <name>memcpy_t2.S.obj</name>
      </input_file>
      <input_file id="fl-f2">
         <path>/Applications/ti/ccs2030/ccs/tools/compiler/ti-cgt-armllvm_4.0.3.LTS/lib/armv7em-ti-none-eabihf/c/</path>
         <kind>archive</kind>
         <file>libc.a</file>
         <name>memset_t2.S.obj</name>
      </input_file>
   </input_file_list>
   <object_component_list>
      <object_component id="oc-4d">
         <name>.text</name>
         <load_address>0x0</load_address>
         <readonly>true</readonly>
         <executable>true</executable>
         <run_address>0x0</run_address>
         <size>0x1de</size>
         <alignment>0x2</alignment>
         <input_file_ref idref="fl-1"/>
      </object_component>
      <object_component id="oc-4b">
         <name>.text</name>
         <load_address>0x1de</load_address>
         <readonly>true</readonly>
         <executable>true</executable>
         <run_address>0x1de</run_address>
         <size>0x17a</size>
         <alignment>0x2</alignment>
         <input_file_ref idref="fl-6"/>
      </object_component>
      <object_component id="oc-5d">
         <name>.text</name>
         <load_address>0x358</load_address>
         <readonly>true</readonly>
         <executable>true</executable>
         <run_address>0x358</run_address>
         <size>0x176</size>
         <alignment>0x2</alignment>
         <input_file_ref idref="fl-7"/>
      </object_component>
      <object_component id="oc-4a">
         <name>.text</name>
         <load_address>0x4ce</load_address>
         <readonly>true</readonly>
         <executable>true</executable>
         <run_address>0x4ce</run_address>
         <size>0x160</size>
         <alignment>0x2</alignment>
         <input_file_ref idref="fl-4"/>
      </object_component>
      <object_component id="oc-28">
         <name>.text</name>
         <load_address>0x62e</load_address>
         <readonly>true</readonly>
         <executable>true</executable>
         <run_address>0x62e</run_address>
         <size>0xbe</size>
         <alignment>0x2</alignment>
         <input_file_ref idref="fl-5"/>
      </object_component>
      <object_component id="oc-1f">
         <name>.text:decompress:lzss</name>
         <load_address>0x6ec</load_address>
         <readonly>true</readonly>
         <executable>true</executable>
         <run_address>0x6ec</run_address>
         <size>0x74</size>
         <alignment>0x2</alignment>
         <input_file_ref idref="fl-47"/>
      </object_component>
      <object_component id="oc-5f">
         <name>.text:TI_memcpy_small</name>
         <load_address>0x760</load_address>
         <readonly>true</readonly>
         <executable>true</executable>
         <run_address>0x760</run_address>
         <size>0x12</size>
         <alignment>0x1</alignment>
         <input_file_ref idref="fl-f1"/>
      </object_component>
      <object_component id="oc-23">
         <name>.text:decompress:none</name>
         <load_address>0x772</load_address>
         <readonly>true</readonly>
         <executable>true</executable>
         <run_address>0x772</run_address>
         <size>0xe</size>
         <alignment>0x2</alignment>
         <input_file_ref idref="fl-46"/>
      </object_component>
      <object_component id="oc-3b">
         <name>.text.__aeabi_memcpy</name>
         <load_address>0x780</load_address>
         <readonly>true</readonly>
         <executable>true</executable>
         <run_address>0x780</run_address>
         <size>0x4</size>
         <alignment>0x4</alignment>
         <input_file_ref idref="fl-eb"/>
      </object_component>
      <object_component id="oc-4c">
         <name>.const</name>
         <load_address>0x784</load_address>
         <readonly>true</readonly>
         <run_address>0x784</run_address>
         <size>0x61</size>
         <alignment>0x4</alignment>
         <input_file_ref idref="fl-5"/>
      </object_component>
      <object_component id="oc-78">
         <name>.binit</name>
         <load_address>0x0</load_address>
         <readonly>true</readonly>
         <run_address>0x0</run_address>
         <size>0x0</size>
         <alignment>0x4</alignment>
      </object_component>
      <object_component id="oc-ad">
         <name>.cinit..data.load</name>
         <load_address>0x7f0</load_address>
         <readonly>true</readonly>
         <run_address>0x7f0</run_address>
         <size>0x9</size>
         <alignment>0x1</alignment>
      </object_component>
      <object_component id="oc-ab">
         <name>__TI_handler_table</name>
         <load_address>0x7fc</load_address>
         <readonly>true</readonly>
         <run_address>0x7fc</run_address>
         <size>0x8</size>
         <alignment>0x4</alignment>
      </object_component>
      <object_component id="oc-ac">
         <name>__TI_cinit_table</name>
         <load_address>0x804</load_address>
         <readonly>true</readonly>
         <run_address>0x804</run_address>
         <size>0x8</size>
         <alignment>0x4</alignment>
      </object_component>
      <object_component id="oc-1d">
         <name>.ccfg</name>
         <load_address>0x57fa8</load_address>
         <readonly>true</readonly>
         <run_address>0x57fa8</run_address>
         <size>0x58</size>
         <alignment>0x4</alignment>
         <input_file_ref idref="fl-2"/>
      </object_component>
      <object_component id="oc-5e">
         <name>.data</name>
         <load_address>0x20004180</load_address>
         <readwrite>true</readwrite>
         <run_address>0x20004180</run_address>
         <size>0xc</size>
         <alignment>0x4</alignment>
         <input_file_ref idref="fl-1"/>
      </object_component>
      <object_component id="oc-49">
         <name>.data</name>
         <load_address>0x20004000</load_address>
         <readwrite>true</readwrite>
         <run_address>0x20004000</run_address>
         <size>0x180</size>
         <alignment>0x8</alignment>
         <input_file_ref idref="fl-5"/>
      </object_component>
      <object_component id="oc-5c">
         <name>.data</name>
         <load_address>0x2000418c</load_address>
         <readwrite>true</readwrite>
         <run_address>0x2000418c</run_address>
         <size>0x4</size>
         <alignment>0x4</alignment>
         <input_file_ref idref="fl-6"/>
      </object_component>
      <object_component id="oc-32">
         <name>.sysmem</name>
         <uninitialized>true</uninitialized>
         <readwrite>true</readwrite>
         <run_address>0x20000000</run_address>
         <size>0x10</size>
         <alignment>0x8</alignment>
         <input_file_ref idref="fl-44"/>
      </object_component>
      <object_component id="oc-af">
         <name>.sysmem</name>
         <uninitialized>true</uninitialized>
         <readwrite>true</readwrite>
         <run_address>0x20000000</run_address>
         <size>0x0</size>
         <alignment>0x4</alignment>
      </object_component>
      <object_component id="oc-34">
         <name>.debug_abbrev</name>
         <load_address>0x0</load_address>
         <run_address>0x0</run_address>
         <size>0x5a</size>
         <alignment>0x1</alignment>
         <input_file_ref idref="fl-2"/>
      </object_component>
      <object_component id="oc-4e">
         <name>.debug_abbrev</name>
         <load_address>0x5a</load_address>
         <run_address>0x5a</run_address>
         <size>0x2ad</size>
         <alignment>0x1</alignment>
         <input_file_ref idref="fl-44"/>
      </object_component>
      <object_component id="oc-3f">
         <name>.debug_abbrev</name>
         <load_address>0x307</load_address>
         <run_address>0x307</run_address>
         <size>0x70</size>
         <alignment>0x1</alignment>
         <input_file_ref idref="fl-46"/>
      </object_component>
      <object_component id="oc-37">
         <name>.debug_abbrev</name>
         <load_address>0x377</load_address>
         <run_address>0x377</run_address>
         <size>0x9c</size>
         <alignment>0x1</alignment>
         <input_file_ref idref="fl-47"/>
      </object_component>
      <object_component id="oc-54">
         <name>.debug_abbrev</name>
         <load_address>0x413</load_address>
         <run_address>0x413</run_address>
         <size>0x27</size>
         <alignment>0x1</alignment>
         <input_file_ref idref="fl-eb"/>
      </object_component>
      <object_component id="oc-67">
         <name>.debug_abbrev</name>
         <load_address>0x43a</load_address>
         <run_address>0x43a</run_address>
         <size>0x25</size>
         <alignment>0x1</alignment>
         <input_file_ref idref="fl-f1"/>
      </object_component>
      <object_component id="oc-b3">
         <name>.debug_abbrev</name>
         <load_address>0x45f</load_address>
         <run_address>0x45f</run_address>
         <size>0xf</size>
         <alignment>0x0</alignment>
      </object_component>
      <object_component id="oc-1e">
         <name>.debug_info</name>
         <load_address>0x0</load_address>
         <run_address>0x0</run_address>
         <size>0x16c</size>
         <alignment>0x1</alignment>
         <input_file_ref idref="fl-2"/>
      </object_component>
      <object_component id="oc-33">
         <name>.debug_info</name>
         <load_address>0x16c</load_address>
         <run_address>0x16c</run_address>
         <size>0xac8</size>
         <alignment>0x1</alignment>
         <input_file_ref idref="fl-44"/>
      </object_component>
      <object_component id="oc-24">
         <name>.debug_info</name>
         <load_address>0xc34</load_address>
         <run_address>0xc34</run_address>
         <size>0xc6</size>
         <alignment>0x1</alignment>
         <input_file_ref idref="fl-46"/>
      </object_component>
      <object_component id="oc-20">
         <name>.debug_info</name>
         <load_address>0xcfa</load_address>
         <run_address>0xcfa</run_address>
         <size>0x17a</size>
         <alignment>0x1</alignment>
         <input_file_ref idref="fl-47"/>
      </object_component>
      <object_component id="oc-3c">
         <name>.debug_info</name>
         <load_address>0xe74</load_address>
         <run_address>0xe74</run_address>
         <size>0x1a4</size>
         <alignment>0x1</alignment>
         <input_file_ref idref="fl-eb"/>
      </object_component>
      <object_component id="oc-60">
         <name>.debug_info</name>
         <load_address>0x1018</load_address>
         <run_address>0x1018</run_address>
         <size>0x2e9</size>
         <alignment>0x1</alignment>
         <input_file_ref idref="fl-f1"/>
      </object_component>
      <object_component id="oc-b2">
         <name>.debug_info</name>
         <load_address>0x1301</load_address>
         <run_address>0x1301</run_address>
         <size>0x9e</size>
         <alignment>0x0</alignment>
      </object_component>
      <object_component id="oc-35">
         <name>.debug_str</name>
         <load_address>0x0</load_address>
         <run_address>0x0</run_address>
         <size>0x27c</size>
         <alignment>0x1</alignment>
         <input_file_ref idref="fl-2"/>
      </object_component>
      <object_component id="oc-4f">
         <name>.debug_str</name>
         <load_address>0x27c</load_address>
         <run_address>0x27c</run_address>
         <size>0x3cf</size>
         <alignment>0x1</alignment>
         <input_file_ref idref="fl-44"/>
      </object_component>
      <object_component id="oc-40">
         <name>.debug_str</name>
         <load_address>0x64b</load_address>
         <run_address>0x64b</run_address>
         <size>0x16c</size>
         <alignment>0x1</alignment>
         <input_file_ref idref="fl-46"/>
      </object_component>
      <object_component id="oc-38">
         <name>.debug_str</name>
         <load_address>0x7b7</load_address>
         <run_address>0x7b7</run_address>
         <size>0x1d9</size>
         <alignment>0x1</alignment>
         <input_file_ref idref="fl-47"/>
      </object_component>
      <object_component id="oc-36">
         <name>.debug_line</name>
         <load_address>0x0</load_address>
         <run_address>0x0</run_address>
         <size>0x1ca</size>
         <alignment>0x1</alignment>
         <input_file_ref idref="fl-2"/>
      </object_component>
      <object_component id="oc-50">
         <name>.debug_line</name>
         <load_address>0x1ca</load_address>
         <run_address>0x1ca</run_address>
         <size>0x68f</size>
         <alignment>0x1</alignment>
         <input_file_ref idref="fl-44"/>
      </object_component>
      <object_component id="oc-26">
         <name>.debug_line</name>
         <load_address>0x859</load_address>
         <run_address>0x859</run_address>
         <size>0x5f</size>
         <alignment>0x1</alignment>
         <input_file_ref idref="fl-46"/>
      </object_component>
      <object_component id="oc-22">
         <name>.debug_line</name>
         <load_address>0x8b8</load_address>
         <run_address>0x8b8</run_address>
         <size>0x117</size>
         <alignment>0x1</alignment>
         <input_file_ref idref="fl-47"/>
      </object_component>
      <object_component id="oc-3e">
         <name>.debug_line</name>
         <load_address>0x9cf</load_address>
         <run_address>0x9cf</run_address>
         <size>0xa6</size>
         <alignment>0x1</alignment>
         <input_file_ref idref="fl-eb"/>
      </object_component>
      <object_component id="oc-63">
         <name>.debug_line</name>
         <load_address>0xa75</load_address>
         <run_address>0xa75</run_address>
         <size>0xa1</size>
         <alignment>0x1</alignment>
         <input_file_ref idref="fl-f1"/>
      </object_component>
      <object_component id="oc-52">
         <name>.debug_loc</name>
         <load_address>0x0</load_address>
         <run_address>0x0</run_address>
         <size>0x7c5</size>
         <alignment>0x1</alignment>
         <input_file_ref idref="fl-44"/>
      </object_component>
      <object_component id="oc-41">
         <name>.debug_loc</name>
         <load_address>0x7c5</load_address>
         <run_address>0x7c5</run_address>
         <size>0x6f</size>
         <alignment>0x1</alignment>
         <input_file_ref idref="fl-46"/>
      </object_component>
      <object_component id="oc-39">
         <name>.debug_loc</name>
         <load_address>0x834</load_address>
         <run_address>0x834</run_address>
         <size>0x11c</size>
         <alignment>0x1</alignment>
         <input_file_ref idref="fl-47"/>
      </object_component>
      <object_component id="oc-51">
         <name>.debug_ranges</name>
         <load_address>0x0</load_address>
         <run_address>0x0</run_address>
         <size>0x168</size>
         <alignment>0x1</alignment>
         <input_file_ref idref="fl-44"/>
      </object_component>
      <object_component id="oc-3a">
         <name>.debug_ranges</name>
         <load_address>0x168</load_address>
         <run_address>0x168</run_address>
         <size>0x60</size>
         <alignment>0x1</alignment>
         <input_file_ref idref="fl-47"/>
      </object_component>
      <object_component id="oc-62">
         <name>.debug_ranges</name>
         <load_address>0x1c8</load_address>
         <run_address>0x1c8</run_address>
         <size>0x28</size>
         <alignment>0x1</alignment>
         <input_file_ref idref="fl-f1"/>
      </object_component>
      <object_component id="oc-25">
         <name>.debug_frame</name>
         <load_address>0x0</load_address>
         <run_address>0x0</run_address>
         <size>0x20</size>
         <alignment>0x4</alignment>
         <input_file_ref idref="fl-46"/>
      </object_component>
      <object_component id="oc-21">
         <name>.debug_frame</name>
         <load_address>0x20</load_address>
         <run_address>0x20</run_address>
         <size>0x30</size>
         <alignment>0x4</alignment>
         <input_file_ref idref="fl-47"/>
      </object_component>
      <object_component id="oc-3d">
         <name>.debug_aranges</name>
         <load_address>0x0</load_address>
         <run_address>0x0</run_address>
         <size>0x20</size>
         <alignment>0x1</alignment>
         <input_file_ref idref="fl-eb"/>
      </object_component>
      <object_component id="oc-61">
         <name>.debug_aranges</name>
         <load_address>0x20</load_address>
         <run_address>0x20</run_address>
         <size>0x28</size>
         <alignment>0x1</alignment>
         <input_file_ref idref="fl-f1"/>
      </object_component>
      <object_component id="oc-b1">
         <name>.args</name>
         <load_address>0x7e8</load_address>
         <readwrite>true</readwrite>
         <run_address>0x7e8</run_address>
         <size>0x0</size>
         <alignment>0x4</alignment>
      </object_component>
   </object_component_list>
   <logical_group_list>
      <logical_group id="lg-3" display="no" color="cyan">
         <name>.resetVecs</name>
         <run_address>0x0</run_address>
         <size>0x0</size>
         <contents>
         </contents>
      </logical_group>
      <logical_group id="lg-4" display="no" color="cyan">
         <name>.text</name>
         <load_address>0x0</load_address>
         <run_address>0x0</run_address>
         <size>0x784</size>
         <contents>
            <object_component_ref idref="oc-4d"/>
            <object_component_ref idref="oc-4b"/>
            <object_component_ref idref="oc-5d"/>
            <object_component_ref idref="oc-4a"/>
            <object_component_ref idref="oc-28"/>
            <object_component_ref idref="oc-1f"/>
            <object_component_ref idref="oc-5f"/>
            <object_component_ref idref="oc-23"/>
            <object_component_ref idref="oc-3b"/>
         </contents>
      </logical_group>
      <logical_group id="lg-5" display="no" color="cyan">
         <name>.TI.ramfunc</name>
         <run_address>0x0</run_address>
         <size>0x0</size>
         <contents>
         </contents>
      </logical_group>
      <logical_group id="lg-6" display="no" color="cyan">
         <name>.const</name>
         <load_address>0x784</load_address>
         <run_address>0x784</run_address>
         <size>0x61</size>
         <contents>
            <object_component_ref idref="oc-4c"/>
         </contents>
      </logical_group>
      <logical_group id="lg-7" display="no" color="cyan">
         <name>.constdata</name>
         <run_address>0x0</run_address>
         <size>0x0</size>
         <contents>
         </contents>
      </logical_group>
      <logical_group id="lg-8" display="no" color="cyan">
         <name>.rodata</name>
         <run_address>0x0</run_address>
         <size>0x0</size>
         <contents>
         </contents>
      </logical_group>
      <logical_group id="lg-9" display="no" color="cyan">
         <name>.binit</name>
         <load_address>0x0</load_address>
         <run_address>0x0</run_address>
         <size>0x0</size>
         <contents>
            <object_component_ref idref="oc-78"/>
         </contents>
      </logical_group>
      <logical_group id="lg-a" display="no" color="cyan">
         <name>.cinit</name>
         <load_address>0x7f0</load_address>
         <run_address>0x7f0</run_address>
         <size>0x1c</size>
         <contents>
            <object_component_ref idref="oc-ad"/>
            <object_component_ref idref="oc-ab"/>
            <object_component_ref idref="oc-ac"/>
         </contents>
      </logical_group>
      <logical_group id="lg-b" display="no" color="cyan">
         <name>.pinit</name>
         <run_address>0x0</run_address>
         <size>0x0</size>
         <contents>
         </contents>
      </logical_group>
      <logical_group id="lg-c" display="no" color="cyan">
         <name>.init_array</name>
         <run_address>0x0</run_address>
         <size>0x0</size>
         <contents>
         </contents>
      </logical_group>
      <logical_group id="lg-d" display="no" color="cyan">
         <name>.emb_text</name>
         <run_address>0x0</run_address>
         <size>0x0</size>
         <contents>
         </contents>
      </logical_group>
      <logical_group id="lg-e" display="no" color="cyan">
         <name>.ccfg</name>
         <load_address>0x57fa8</load_address>
         <run_address>0x57fa8</run_address>
         <size>0x58</size>
         <contents>
            <object_component_ref idref="oc-1d"/>
         </contents>
      </logical_group>
      <logical_group id="lg-f" display="no" color="cyan">
         <name>.ramVecs</name>
         <run_address>0x0</run_address>
         <size>0x0</size>
         <contents>
         </contents>
      </logical_group>
      <logical_group id="lg-10" display="no" color="cyan">
         <name>.data</name>
         <run_address>0x20004000</run_address>
         <size>0x190</size>
         <contents>
            <object_component_ref idref="oc-5e"/>
            <object_component_ref idref="oc-49"/>
            <object_component_ref idref="oc-5c"/>
         </contents>
      </logical_group>
      <logical_group id="lg-11" display="no" color="cyan">
         <name>.bss</name>
         <run_address>0x0</run_address>
         <size>0x0</size>
         <contents>
         </contents>
      </logical_group>
      <logical_group id="lg-12" display="no" color="cyan">
         <name>.sysmem</name>
         <run_address>0x20000000</run_address>
         <size>0x4000</size>
         <contents>
            <object_component_ref idref="oc-32"/>
            <object_component_ref idref="oc-af"/>
         </contents>
      </logical_group>
      <logical_group id="lg-13" display="no" color="cyan">
         <name>.stack</name>
         <run_address>0x0</run_address>
         <size>0x0</size>
         <contents>
         </contents>
      </logical_group>
      <logical_group id="lg-14" display="no" color="cyan">
         <name>.nonretenvar</name>
         <run_address>0x0</run_address>
         <size>0x0</size>
         <contents>
         </contents>
      </logical_group>
      <logical_group id="lg-15" display="no" color="cyan">
         <name>.gpram</name>
         <run_address>0x0</run_address>
         <size>0x0</size>
         <contents>
         </contents>
      </logical_group>
      <logical_group id="lg-16" display="no" color="cyan">
         <name>.log_data</name>
         <run_address>0x90000000</run_address>
         <size>0x0</size>
         <contents>
         </contents>
      </logical_group>
      <logical_group id="lg-17" display="no" color="cyan">
         <name>.log_ptr</name>
         <run_address>0x94000008</run_address>
         <size>0x0</size>
         <contents>
         </contents>
      </logical_group>
      <logical_group id="lg-6f" display="no" color="cyan">
         <name>.TI.noinit</name>
         <run_address>0x0</run_address>
         <size>0x0</size>
         <contents>
         </contents>
      </logical_group>
      <logical_group id="lg-70" display="no" color="cyan">
         <name>.TI.persistent</name>
         <run_address>0x0</run_address>
         <size>0x0</size>
         <contents>
         </contents>
      </logical_group>
      <logical_group id="lg-71" display="no" color="cyan">
         <name>.TI.local</name>
         <run_address>0x0</run_address>
         <size>0x0</size>
         <contents>
         </contents>
      </logical_group>
      <logical_group id="lg-72" display="no" color="cyan">
         <name>.TI.onchip</name>
         <run_address>0x0</run_address>
         <size>0x0</size>
         <contents>
         </contents>
      </logical_group>
      <logical_group id="lg-73" display="no" color="cyan">
         <name>.TI.offchip</name>
         <run_address>0x0</run_address>
         <size>0x0</size>
         <contents>
         </contents>
      </logical_group>
      <logical_group id="lg-74" display="no" color="cyan">
         <name>__llvm_prf_cnts</name>
         <run_address>0x20000000</run_address>
         <size>0x0</size>
         <contents>
         </contents>
      </logical_group>
      <logical_group id="lg-76" display="no" color="cyan">
         <name>__llvm_prf_bits</name>
         <run_address>0x20000000</run_address>
         <size>0x0</size>
         <contents>
         </contents>
      </logical_group>
      <logical_group id="lg-95" display="never" color="cyan">
         <name>.debug_abbrev</name>
         <load_address>0x0</load_address>
         <run_address>0x0</run_address>
         <size>0x46e</size>
         <contents>
            <object_component_ref idref="oc-34"/>
            <object_component_ref idref="oc-4e"/>
            <object_component_ref idref="oc-3f"/>
            <object_component_ref idref="oc-37"/>
            <object_component_ref idref="oc-54"/>
            <object_component_ref idref="oc-67"/>
            <object_component_ref idref="oc-b3"/>
         </contents>
      </logical_group>
      <logical_group id="lg-97" display="never" color="cyan">
         <name>.debug_info</name>
         <load_address>0x0</load_address>
         <run_address>0x0</run_address>
         <size>0x139f</size>
         <contents>
            <object_component_ref idref="oc-1e"/>
            <object_component_ref idref="oc-33"/>
            <object_component_ref idref="oc-24"/>
            <object_component_ref idref="oc-20"/>
            <object_component_ref idref="oc-3c"/>
            <object_component_ref idref="oc-60"/>
            <object_component_ref idref="oc-b2"/>
         </contents>
      </logical_group>
      <logical_group id="lg-99" display="never" color="cyan">
         <name>.debug_str</name>
         <load_address>0x0</load_address>
         <run_address>0x0</run_address>
         <size>0x990</size>
         <contents>
            <object_component_ref idref="oc-35"/>
            <object_component_ref idref="oc-4f"/>
            <object_component_ref idref="oc-40"/>
            <object_component_ref idref="oc-38"/>
         </contents>
      </logical_group>
      <logical_group id="lg-9b" display="never" color="cyan">
         <name>.debug_line</name>
         <load_address>0x0</load_address>
         <run_address>0x0</run_address>
         <size>0xb16</size>
         <contents>
            <object_component_ref idref="oc-36"/>
            <object_component_ref idref="oc-50"/>
            <object_component_ref idref="oc-26"/>
            <object_component_ref idref="oc-22"/>
            <object_component_ref idref="oc-3e"/>
            <object_component_ref idref="oc-63"/>
         </contents>
      </logical_group>
      <logical_group id="lg-9d" display="never" color="cyan">
         <name>.debug_loc</name>
         <load_address>0x0</load_address>
         <run_address>0x0</run_address>
         <size>0x950</size>
         <contents>
            <object_component_ref idref="oc-52"/>
            <object_component_ref idref="oc-41"/>
            <object_component_ref idref="oc-39"/>
         </contents>
      </logical_group>
      <logical_group id="lg-9f" display="never" color="cyan">
         <name>.debug_ranges</name>
         <load_address>0x0</load_address>
         <run_address>0x0</run_address>
         <size>0x1f0</size>
         <contents>
            <object_component_ref idref="oc-51"/>
            <object_component_ref idref="oc-3a"/>
            <object_component_ref idref="oc-62"/>
         </contents>
      </logical_group>
      <logical_group id="lg-a1" display="never" color="cyan">
         <name>.debug_frame</name>
         <load_address>0x0</load_address>
         <run_address>0x0</run_address>
         <size>0x50</size>
         <contents>
            <object_component_ref idref="oc-25"/>
            <object_component_ref idref="oc-21"/>
         </contents>
      </logical_group>
      <logical_group id="lg-a5" display="never" color="cyan">
         <name>.debug_aranges</name>
         <load_address>0x0</load_address>
         <run_address>0x0</run_address>
         <size>0x48</size>
         <contents>
            <object_component_ref idref="oc-3d"/>
            <object_component_ref idref="oc-61"/>
         </contents>
      </logical_group>
      <logical_group id="lg-ae" display="no" color="cyan">
         <name>Veneer$$CMSE</name>
         <run_address>0x0</run_address>
         <size>0x0</size>
         <contents>
         </contents>
      </logical_group>
      <logical_group id="lg-b0" display="no" color="cyan">
         <name>.args</name>
         <load_address>0x7e8</load_address>
         <run_address>0x7e8</run_address>
         <size>0x8</size>
         <contents>
            <object_component_ref idref="oc-b1"/>
         </contents>
      </logical_group>
      <load_segment id="lg-b6" display="no" color="cyan">
         <name>SEGMENT_0</name>
         <load_address>0x0</load_address>
         <run_address>0x0</run_address>
         <size>0x7e5</size>
         <flags>0x5</flags>
         <contents>
            <logical_group_ref idref="lg-4"/>
            <logical_group_ref idref="lg-6"/>
         </contents>
      </load_segment>
      <load_segment id="lg-b7" display="no" color="cyan">
         <name>SEGMENT_1</name>
         <load_address>0x7e8</load_address>
         <run_address>0x7e8</run_address>
         <size>0x8</size>
         <flags>0x6</flags>
         <contents>
            <logical_group_ref idref="lg-b0"/>
         </contents>
      </load_segment>
      <load_segment id="lg-b8" display="no" color="cyan">
         <name>SEGMENT_2</name>
         <load_address>0x7f0</load_address>
         <run_address>0x7f0</run_address>
         <size>0x1c</size>
         <flags>0x4</flags>
         <contents>
            <logical_group_ref idref="lg-a"/>
         </contents>
      </load_segment>
      <load_segment id="lg-b9" display="no" color="cyan">
         <name>SEGMENT_3</name>
         <load_address>0x57fa8</load_address>
         <run_address>0x57fa8</run_address>
         <size>0x58</size>
         <flags>0x4</flags>
         <contents>
            <logical_group_ref idref="lg-e"/>
         </contents>
      </load_segment>
      <load_segment id="lg-ba" display="no" color="cyan">
         <name>SEGMENT_4</name>
         <run_address>0x20000000</run_address>
         <size>0x4190</size>
         <flags>0x6</flags>
         <contents>
            <logical_group_ref idref="lg-12"/>
            <logical_group_ref idref="lg-10"/>
         </contents>
      </load_segment>
   </logical_group_list>
   <placement_map>
      <memory_area display="yes" color="green">
         <name>FLASH</name>
         <page_id>0x0</page_id>
         <origin>0x0</origin>
         <length>0x58000</length>
         <used_space>0x861</used_space>
         <unused_space>0x5779f</unused_space>
         <attributes>RX</attributes>
         <usage_details>
            <allocated_space>
               <start_address>0x0</start_address>
               <size>0x0</size>
               <logical_group_ref idref="lg-9"/>
            </allocated_space>
            <allocated_space>
               <start_address>0x0</start_address>
               <size>0x784</size>
               <logical_group_ref idref="lg-4"/>
            </allocated_space>
            <allocated_space>
               <start_address>0x784</start_address>
               <size>0x61</size>
               <logical_group_ref idref="lg-6"/>
            </allocated_space>
            <available_space>
               <start_address>0x7e5</start_address>
               <size>0x3</size>
            </available_space>
            <allocated_space>
               <start_address>0x7e8</start_address>
               <size>0x8</size>
               <logical_group_ref idref="lg-b0"/>
            </allocated_space>
            <allocated_space>
               <start_address>0x7f0</start_address>
               <size>0x1c</size>
               <logical_group_ref idref="lg-a"/>
            </allocated_space>
            <available_space>
               <start_address>0x80c</start_address>
               <size>0x5779c</size>
            </available_space>
            <allocated_space>
               <start_address>0x57fa8</start_address>
               <size>0x58</size>
               <logical_group_ref idref="lg-e"/>
            </allocated_space>
         </usage_details>
      </memory_area>
      <memory_area display="yes" color="green">
         <name>GPRAM</name>
         <page_id>0x0</page_id>
         <origin>0x11000000</origin>
         <length>0x2000</length>
         <used_space>0x0</used_space>
         <unused_space>0x2000</unused_space>
         <attributes>RWX</attributes>
         <usage_details>
         </usage_details>
      </memory_area>
      <memory_area display="yes" color="green">
         <name>SRAM</name>
         <page_id>0x0</page_id>
         <origin>0x20000000</origin>
         <length>0x14000</length>
         <used_space>0x4190</used_space>
         <unused_space>0xfe70</unused_space>
         <attributes>RWX</attributes>
         <usage_details>
            <allocated_space>
               <start_address>0x20000000</start_address>
               <size>0x0</size>
               <logical_group_ref idref="lg-74"/>
            </allocated_space>
            <allocated_space>
               <start_address>0x20000000</start_address>
               <size>0x0</size>
               <logical_group_ref idref="lg-76"/>
            </allocated_space>
            <allocated_space>
               <start_address>0x20000000</start_address>
               <size>0x4000</size>
               <logical_group_ref idref="lg-12"/>
            </allocated_space>
            <allocated_space>
               <start_address>0x20004000</start_address>
               <size>0x190</size>
               <logical_group_ref idref="lg-10"/>
            </allocated_space>
            <available_space>
               <start_address>0x20004190</start_address>
               <size>0xfe70</size>
            </available_space>
         </usage_details>
      </memory_area>
      <memory_area display="yes" color="green">
         <name>LOG_DATA</name>
         <page_id>0x0</page_id>
         <origin>0x90000000</origin>
         <length>0x40000</length>
         <used_space>0x0</used_space>
         <unused_space>0x40000</unused_space>
         <attributes>R</attributes>
         <usage_details>
         </usage_details>
      </memory_area>
      <memory_area display="yes" color="green">
         <name>LOG_PTR</name>
         <page_id>0x0</page_id>
         <origin>0x94000008</origin>
         <length>0x40000</length>
         <used_space>0x0</used_space>
         <unused_space>0x40000</unused_space>
         <attributes>R</attributes>
         <usage_details>
         </usage_details>
      </memory_area>
   </placement_map>
   <cptbl_list>
      <cptbl>
         <name>__TI_cinit_table</name>
         <cprec>
            <name>.data</name>
            <load_address>0x7f0</load_address>
            <load_size>0x9</load_size>
            <run_address>0x20004000</run_address>
            <run_size>0x190</run_size>
            <compression>lzss</compression>
         </cprec>
      </cptbl>
   </cptbl_list>
   <handler_table>
      <handler_table_name>__TI_handler_table</handler_table_name>
      <handler>
         <index>0x0</index>
         <name>__TI_decompress_lzss</name>
      </handler>
      <handler>
         <index>0x1</index>
         <name>__TI_decompress_none</name>
      </handler>
   </handler_table>
   <symbol_table>
      <symbol id="sm-1">
         <name>__start___llvm_prf_cnts</name>
         <value>0x20000000</value>
      </symbol>
      <symbol id="sm-2">
         <name>__stop___llvm_prf_cnts</name>
         <value>0x20000000</value>
      </symbol>
      <symbol id="sm-3">
         <name>__start___llvm_prf_bits</name>
         <value>0x20000000</value>
      </symbol>
      <symbol id="sm-4">
         <name>__stop___llvm_prf_bits</name>
         <value>0x20000000</value>
      </symbol>
      <symbol id="sm-5">
         <name>__TI_CINIT_Base</name>
         <value>0x804</value>
      </symbol>
      <symbol id="sm-6">
         <name>__TI_CINIT_Limit</name>
         <value>0x80c</value>
      </symbol>
      <symbol id="sm-7">
         <name>__TI_CINIT_Warm</name>
         <value>0x80c</value>
      </symbol>
      <symbol id="sm-8">
         <name>__TI_Handler_Table_Base</name>
         <value>0x7fc</value>
      </symbol>
      <symbol id="sm-9">
         <name>__TI_Handler_Table_Limit</name>
         <value>0x804</value>
      </symbol>
      <symbol id="sm-a">
         <name>binit</name>
         <value>0xffffffff</value>
      </symbol>
      <symbol id="sm-b">
         <name>__binit__</name>
         <value>0xffffffff</value>
      </symbol>
      <symbol id="sm-c">
         <name>__SYSMEM_SIZE</name>
         <value>0x4000</value>
      </symbol>
      <symbol id="sm-d">
         <name>__c_args__</name>
         <value>0x7e8</value>
      </symbol>
      <symbol id="sm-e">
         <name>__TI_pprof_out_hndl</name>
         <value>0xffffffff</value>
      </symbol>
      <symbol id="sm-f">
         <name>__TI_prof_data_start</name>
         <value>0xffffffff</value>
      </symbol>
      <symbol id="sm-10">
         <name>__TI_prof_data_size</name>
         <value>0xffffffff</value>
      </symbol>
      <symbol id="sm-55">
         <name>CursorCol</name>
         <value>0x20004184</value>
         <object_component_ref idref="oc-5e"/>
      </symbol>
      <symbol id="sm-56">
         <name>Display</name>
         <value>0x125</value>
         <object_component_ref idref="oc-4d"/>
      </symbol>
      <symbol id="sm-57">
         <name>ClearDisplay</name>
         <value>0x19b</value>
         <object_component_ref idref="oc-4d"/>
      </symbol>
      <symbol id="sm-58">
         <name>DisplayChar</name>
         <value>0x83</value>
         <object_component_ref idref="oc-4d"/>
      </symbol>
      <symbol id="sm-59">
         <name>InitLCD</name>
         <value>0x1</value>
         <object_component_ref idref="oc-4d"/>
      </symbol>
      <symbol id="sm-5a">
         <name>CursorRow</name>
         <value>0x20004180</value>
         <object_component_ref idref="oc-5e"/>
      </symbol>
      <symbol id="sm-5b">
         <name>CallInvalid</name>
         <value>0x20004188</value>
         <object_component_ref idref="oc-5e"/>
      </symbol>
      <symbol id="sm-5c">
         <name>InvalidString</name>
         <value>0x1d6</value>
         <object_component_ref idref="oc-4d"/>
      </symbol>
      <symbol id="sm-61">
         <name>__ccfg</name>
         <value>0x57fa8</value>
         <object_component_ref idref="oc-1d"/>
      </symbol>
      <symbol id="sm-70">
         <name>InitADC</name>
         <value>0x5a9</value>
         <object_component_ref idref="oc-4a"/>
      </symbol>
      <symbol id="sm-71">
         <name>InitGPT</name>
         <value>0x577</value>
         <object_component_ref idref="oc-4a"/>
      </symbol>
      <symbol id="sm-72">
         <name>InitPower</name>
         <value>0x4cf</value>
         <object_component_ref idref="oc-4a"/>
      </symbol>
      <symbol id="sm-73">
         <name>InitGPIO</name>
         <value>0x52b</value>
         <object_component_ref idref="oc-4a"/>
      </symbol>
      <symbol id="sm-74">
         <name>InitClocks</name>
         <value>0x4ef</value>
         <object_component_ref idref="oc-4a"/>
      </symbol>
      <symbol id="sm-8a">
         <name>resetISR</name>
         <value>0x62f</value>
         <object_component_ref idref="oc-28"/>
      </symbol>
      <symbol id="sm-a0">
         <name>ReleaseServo</name>
         <value>0x33b</value>
         <object_component_ref idref="oc-4b"/>
      </symbol>
      <symbol id="sm-a1">
         <name>GetServo</name>
         <value>0x289</value>
         <object_component_ref idref="oc-4b"/>
      </symbol>
      <symbol id="sm-a2">
         <name>InitServoGPT</name>
         <value>0x1df</value>
         <object_component_ref idref="oc-4b"/>
      </symbol>
      <symbol id="sm-a3">
         <name>SetServo</name>
         <value>0x22f</value>
         <object_component_ref idref="oc-4b"/>
      </symbol>
      <symbol id="sm-bd">
         <name>WaitLCDReady</name>
         <value>0x40f</value>
         <object_component_ref idref="oc-5d"/>
      </symbol>
      <symbol id="sm-be">
         <name>CheckPos</name>
         <value>0x3a7</value>
         <object_component_ref idref="oc-5d"/>
      </symbol>
      <symbol id="sm-bf">
         <name>WriteLCD</name>
         <value>0x455</value>
         <object_component_ref idref="oc-5d"/>
      </symbol>
      <symbol id="sm-c0">
         <name>__TI_ATRegion0_src_addr</name>
         <value>0x0</value>
      </symbol>
      <symbol id="sm-c1">
         <name>__TI_ATRegion0_trg_addr</name>
         <value>0x0</value>
      </symbol>
      <symbol id="sm-c2">
         <name>__TI_ATRegion0_region_sz</name>
         <value>0x0</value>
      </symbol>
      <symbol id="sm-c3">
         <name>__TI_ATRegion1_src_addr</name>
         <value>0x0</value>
      </symbol>
      <symbol id="sm-c4">
         <name>__TI_ATRegion1_trg_addr</name>
         <value>0x0</value>
      </symbol>
      <symbol id="sm-c5">
         <name>__TI_ATRegion1_region_sz</name>
         <value>0x0</value>
      </symbol>
      <symbol id="sm-c6">
         <name>__TI_ATRegion2_src_addr</name>
         <value>0x0</value>
      </symbol>
      <symbol id="sm-c7">
         <name>__TI_ATRegion2_trg_addr</name>
         <value>0x0</value>
      </symbol>
      <symbol id="sm-c8">
         <name>__TI_ATRegion2_region_sz</name>
         <value>0x0</value>
      </symbol>
      <symbol id="sm-e4">
         <name>_sys_memory</name>
         <value>0x20000000</value>
         <object_component_ref idref="oc-32"/>
      </symbol>
      <symbol id="sm-ee">
         <name>__TI_decompress_none</name>
         <value>0x773</value>
         <object_component_ref idref="oc-23"/>
      </symbol>
      <symbol id="sm-f8">
         <name>__TI_decompress_lzss</name>
         <value>0x6ed</value>
         <object_component_ref idref="oc-1f"/>
      </symbol>
      <symbol id="sm-ff">
         <name>__aeabi_memcpy</name>
         <value>0x781</value>
         <object_component_ref idref="oc-3b"/>
      </symbol>
      <symbol id="sm-100">
         <name>__aeabi_memcpy4</name>
         <value>0x781</value>
         <object_component_ref idref="oc-3b"/>
      </symbol>
      <symbol id="sm-101">
         <name>__aeabi_memcpy8</name>
         <value>0x781</value>
         <object_component_ref idref="oc-3b"/>
      </symbol>
      <symbol id="sm-10b">
         <name>TI_memcpy_small</name>
         <value>0x761</value>
         <object_component_ref idref="oc-5f"/>
      </symbol>
      <symbol id="sm-10c">
         <name>__TI_static_base__</name>
         <value>0x0</value>
      </symbol>
   </symbol_table>
   <title>Link successful</title>
</link_info>
