******************************************************************************
            TI ARM Clang Linker Unix v4.0.3                    
******************************************************************************
>> Linked Fri Dec 12 00:32:32 2025

OUTPUT FILE NAME:   <HW1.out>
ENTRY POINT SYMBOL: "resetISR"  address: 00000001


MEMORY CONFIGURATION

         name            origin    length      used     unused   attr    fill
----------------------  --------  ---------  --------  --------  ----  --------
  FLASH                 00000000   00058000  00000220  00057de0  R  X
  GPRAM                 11000000   00002000  00000000  00002000  RW X
  SRAM                  20000000   00014000  00004180  0000fe80  RW X
  LOG_DATA              90000000   00040000  00000000  00040000  R   
  LOG_PTR               94000008   00040000  00000000  00040000  R   


SEGMENT ALLOCATION MAP

run origin  load origin   length   init length attrs members
----------  ----------- ---------- ----------- ----- -------
00000000    00000000    000001a4   000001a4    r-x
  00000000    00000000    000001a4   000001a4    r-x .text
000001a4    000001a4    00000008   00000008    rw-
  000001a4    000001a4    00000008   00000008    rw- .args
000001ac    000001ac    0000001c   0000001c    r--
  000001ac    000001ac    0000001c   0000001c    r-- .cinit
00057fa8    00057fa8    00000058   00000058    r--
  00057fa8    00057fa8    00000058   00000058    r-- .ccfg
20000000    20000000    00004180   00000000    rw-
  20000000    20000000    00004000   00000000    rw- .sysmem
  20004000    20004000    00000180   00000000    rw- .data


SECTION ALLOCATION MAP

 output                                  attributes/
section   page    origin      length       input sections
--------  ----  ----------  ----------   ----------------
.text      0    00000000    000001a4     
                  00000000    0000010c     main.o (.text)
                  0000010c    00000074     libc.a : copy_decompress_lzss.c.obj (.text:decompress:lzss)
                  00000180    00000012            : memcpy_t2.S.obj (.text:TI_memcpy_small)
                  00000192    0000000e            : copy_decompress_none.c.obj (.text:decompress:none)
                  000001a0    00000004     libclang_rt.builtins.a : aeabi_memcpy.S.obj (.text.__aeabi_memcpy)

.binit     0    00000000    00000000     

.cinit     0    000001ac    0000001c     
                  000001ac    00000009     (.cinit..data.load) [load image, compression = lzss]
                  000001b5    00000003     --HOLE-- [fill = 0]
                  000001b8    00000008     (__TI_handler_table)
                  000001c0    00000008     (__TI_cinit_table)

.init_array 
*          0    00000000    00000000     UNINITIALIZED

.ccfg      0    00057fa8    00000058     
                  00057fa8    00000058     ti_devices_config.o (.ccfg)

.data      0    20004000    00000180     UNINITIALIZED
                  20004000    00000180     main.o (.data)

.sysmem    0    20000000    00004000     UNINITIALIZED
                  20000000    00000010     libc.a : memory.c.obj (.sysmem)
                  20000010    00003ff0     --HOLE--

.log_data 
*          0    90000000    00000000     COPY SECTION

.log_ptr   0    94000008    00000000     COPY SECTION

__llvm_prf_cnts 
*          0    20000000    00000000     UNINITIALIZED

__llvm_prf_bits 
*          0    20000000    00000000     UNINITIALIZED

.args      0    000001a4    00000008     
                  000001a4    00000008     --HOLE-- [fill = 0]

MODULE SUMMARY

       Module                       code   ro data   rw data
       ------                       ----   -------   -------
    ./
       main.o                       268    0         384    
    +--+----------------------------+------+---------+---------+
       Total:                       268    0         384    
                                                            
    ./syscfg/
       ti_devices_config.o          0      88        0      
    +--+----------------------------+------+---------+---------+
       Total:                       0      88        0      
                                                            
    /Applications/ti/ccs2030/ccs/tools/compiler/ti-cgt-armllvm_4.0.3.LTS/lib/armv7em-ti-none-eabihf/c/libc.a
       copy_decompress_lzss.c.obj   116    0         0      
       memcpy_t2.S.obj              18     0         0      
       copy_decompress_none.c.obj   14     0         0      
    +--+----------------------------+------+---------+---------+
       Total:                       148    0         0      
                                                            
    /Applications/ti/ccs2030/ccs/tools/compiler/ti-cgt-armllvm_4.0.3.LTS/lib/armv7em-ti-none-eabihf/libclang_rt.builtins.a
       aeabi_memcpy.S.obj           4      0         0      
    +--+----------------------------+------+---------+---------+
       Total:                       4      0         0      
                                                            
       Heap:                        0      0         16384  
       Linker Generated:            0      25        0      
    +--+----------------------------+------+---------+---------+
       Grand Total:                 420    113       16768  


LINKER GENERATED COPY TABLES

__TI_cinit_table @ 000001c0 records: 1, size/record: 8, table size: 8
	.data: load addr=000001ac, load size=00000009 bytes, run addr=20004000, run size=00000180 bytes, compression=lzss


LINKER GENERATED HANDLER TABLE

__TI_handler_table @ 000001b8 records: 2, size/record: 4, table size: 8
	index: 0, handler: __TI_decompress_lzss
	index: 1, handler: __TI_decompress_none


GLOBAL SYMBOLS: SORTED ALPHABETICALLY BY Name 

address   name                    
-------   ----                    
00000181  TI_memcpy_small         
00004000  __SYSMEM_SIZE           
00000000  __TI_ATRegion0_region_sz
00000000  __TI_ATRegion0_src_addr 
00000000  __TI_ATRegion0_trg_addr 
00000000  __TI_ATRegion1_region_sz
00000000  __TI_ATRegion1_src_addr 
00000000  __TI_ATRegion1_trg_addr 
00000000  __TI_ATRegion2_region_sz
00000000  __TI_ATRegion2_src_addr 
00000000  __TI_ATRegion2_trg_addr 
000001c0  __TI_CINIT_Base         
000001c8  __TI_CINIT_Limit        
000001c8  __TI_CINIT_Warm         
000001b8  __TI_Handler_Table_Base 
000001c0  __TI_Handler_Table_Limit
0000010d  __TI_decompress_lzss    
00000193  __TI_decompress_none    
ffffffff  __TI_pprof_out_hndl     
ffffffff  __TI_prof_data_size     
ffffffff  __TI_prof_data_start    
00000000  __TI_static_base__      
000001a1  __aeabi_memcpy          
000001a1  __aeabi_memcpy4         
000001a1  __aeabi_memcpy8         
ffffffff  __binit__               
000001a4  __c_args__              
00057fa8  __ccfg                  
20000000  __start___llvm_prf_bits 
20000000  __start___llvm_prf_cnts 
20000000  __stop___llvm_prf_bits  
20000000  __stop___llvm_prf_cnts  
20000000  _sys_memory             
ffffffff  binit                   
00000001  resetISR                


GLOBAL SYMBOLS: SORTED BY Symbol Address 

address   name                    
-------   ----                    
00000000  __TI_ATRegion0_region_sz
00000000  __TI_ATRegion0_src_addr 
00000000  __TI_ATRegion0_trg_addr 
00000000  __TI_ATRegion1_region_sz
00000000  __TI_ATRegion1_src_addr 
00000000  __TI_ATRegion1_trg_addr 
00000000  __TI_ATRegion2_region_sz
00000000  __TI_ATRegion2_src_addr 
00000000  __TI_ATRegion2_trg_addr 
00000000  __TI_static_base__      
00000001  resetISR                
0000010d  __TI_decompress_lzss    
00000181  TI_memcpy_small         
00000193  __TI_decompress_none    
000001a1  __aeabi_memcpy          
000001a1  __aeabi_memcpy4         
000001a1  __aeabi_memcpy8         
000001a4  __c_args__              
000001b8  __TI_Handler_Table_Base 
000001c0  __TI_CINIT_Base         
000001c0  __TI_Handler_Table_Limit
000001c8  __TI_CINIT_Limit        
000001c8  __TI_CINIT_Warm         
00004000  __SYSMEM_SIZE           
00057fa8  __ccfg                  
20000000  __start___llvm_prf_bits 
20000000  __start___llvm_prf_cnts 
20000000  __stop___llvm_prf_bits  
20000000  __stop___llvm_prf_cnts  
20000000  _sys_memory             
ffffffff  __TI_pprof_out_hndl     
ffffffff  __TI_prof_data_size     
ffffffff  __TI_prof_data_start    
ffffffff  __binit__               
ffffffff  binit                   

[35 symbols]
