******************************************************************************
            TI ARM Clang Linker Unix v4.0.3                    
******************************************************************************
>> Linked Sat Dec  6 19:26:26 2025

OUTPUT FILE NAME:   <HW4.out>
ENTRY POINT SYMBOL: "resetISR"  address: 0000063b


MEMORY CONFIGURATION

         name            origin    length      used     unused   attr    fill
----------------------  --------  ---------  --------  --------  ----  --------
  FLASH                 00000000   00058000  00000b18  000574e8  R  X
  GPRAM                 11000000   00002000  00000000  00002000  RW X
  SRAM                  20000000   00014000  000042f4  0000fd0c  RW X
  LOG_DATA              90000000   00040000  00000000  00040000  R   
  LOG_PTR               94000008   00040000  00000000  00040000  R   


SEGMENT ALLOCATION MAP

run origin  load origin   length   init length attrs members
----------  ----------- ---------- ----------- ----- -------
00000000    00000000    00000a90   00000a90    r-x
  00000000    00000000    000008d8   000008d8    r-x .text
  000008d8    000008d8    000001b8   000001b8    r-- .const
00000a90    00000a90    00000008   00000008    rw-
  00000a90    00000a90    00000008   00000008    rw- .args
00000a98    00000a98    00000028   00000028    r--
  00000a98    00000a98    00000028   00000028    r-- .cinit
00057fa8    00057fa8    00000058   00000058    r--
  00057fa8    00057fa8    00000058   00000058    r-- .ccfg
20000000    20000000    000042f4   00000000    rw-
  20000000    20000000    00004000   00000000    rw- .sysmem
  20004000    20004000    000002f4   00000000    rw- .data


SECTION ALLOCATION MAP

 output                                  attributes/
section   page    origin      length       input sections
--------  ----  ----------  ----------   ----------------
.text      0    00000000    000008d8     
                  00000000    000001aa     stepper.o (.text)
                  000001aa    000001a2     LCD.o (.text)
                  0000034c    00000178     init.o (.text)
                  000004c4    00000176     utils.o (.text)
                  0000063a    0000012c     main.o (.text)
                  00000766    000000da     stepper_event.o (.text)
                  00000840    00000074     libc.a : copy_decompress_lzss.c.obj (.text:decompress:lzss)
                  000008b4    00000012            : memcpy_t2.S.obj (.text:TI_memcpy_small)
                  000008c6    0000000e            : copy_decompress_none.c.obj (.text:decompress:none)
                  000008d4    00000004     libclang_rt.builtins.a : aeabi_memcpy.S.obj (.text.__aeabi_memcpy)

.const     0    000008d8    000001b8     
                  000008d8    000001b8     main.o (.const)

.binit     0    00000000    00000000     

.cinit     0    00000a98    00000028     
                  00000a98    00000015     (.cinit..data.load) [load image, compression = lzss]
                  00000aad    00000003     --HOLE-- [fill = 0]
                  00000ab0    00000008     (__TI_handler_table)
                  00000ab8    00000008     (__TI_cinit_table)

.init_array 
*          0    00000000    00000000     UNINITIALIZED

.ccfg      0    00057fa8    00000058     
                  00057fa8    00000058     ti_devices_config.o (.ccfg)

.data      0    20004000    000002f4     UNINITIALIZED
                  20004000    000002e4     main.o (.data)
                  200042e4    0000000c     LCD.o (.data)
                  200042f0    00000004     stepper.o (.data)

.sysmem    0    20000000    00004000     UNINITIALIZED
                  20000000    00000010     libc.a : memory.c.obj (.sysmem)
                  20000010    00003ff0     --HOLE--

.log_data 
*          0    90000000    00000000     COPY SECTION

.log_ptr   0    94000008    00000000     COPY SECTION

__llvm_prf_cnts 
*          0    20000000    00000000     UNINITIALIZED

__llvm_prf_bits 
*          0    20000000    00000000     UNINITIALIZED

.args      0    00000a90    00000008     
                  00000a90    00000008     --HOLE-- [fill = 0]

MODULE SUMMARY

       Module                       code   ro data   rw data
       ------                       ----   -------   -------
    ./
       main.o                       300    440       740    
       LCD.o                        418    0         12     
       stepper.o                    426    0         4      
       init.o                       376    0         0      
       utils.o                      374    0         0      
       stepper_event.o              218    0         0      
    +--+----------------------------+------+---------+---------+
       Total:                       2112   440       756    
                                                            
    ./syscfg/
       ti_devices_config.o          0      88        0      
    +--+----------------------------+------+---------+---------+
       Total:                       0      88        0      
                                                            
    /Applications/ti/ccs2030/ccs/tools/compiler/ti-cgt-armllvm_4.0.3.LTS/lib/armv7em-ti-none-eabihf/c/libc.a
       copy_decompress_lzss.c.obj   116    0         0      
       memcpy_t2.S.obj              18     0         0      
       copy_decompress_none.c.obj   14     0         0      
    +--+----------------------------+------+---------+---------+
       Total:                       148    0         0      
                                                            
    /Applications/ti/ccs2030/ccs/tools/compiler/ti-cgt-armllvm_4.0.3.LTS/lib/armv7em-ti-none-eabihf/libclang_rt.builtins.a
       aeabi_memcpy.S.obj           4      0         0      
    +--+----------------------------+------+---------+---------+
       Total:                       4      0         0      
                                                            
       Heap:                        0      0         16384  
       Linker Generated:            0      37        0      
    +--+----------------------------+------+---------+---------+
       Grand Total:                 2264   565       17140  


LINKER GENERATED COPY TABLES

__TI_cinit_table @ 00000ab8 records: 1, size/record: 8, table size: 8
	.data: load addr=00000a98, load size=00000015 bytes, run addr=20004000, run size=000002f4 bytes, compression=lzss


LINKER GENERATED HANDLER TABLE

__TI_handler_table @ 00000ab0 records: 2, size/record: 4, table size: 8
	index: 0, handler: __TI_decompress_lzss
	index: 1, handler: __TI_decompress_none


GLOBAL SYMBOLS: SORTED ALPHABETICALLY BY Name 

address   name                    
-------   ----                    
200042ec  CallInvalid             
00000513  CheckPos                
200042d8  CurrentPos              
200042e8  CursorCol               
200042e4  CursorRow               
000002cf  Display                 
0000022d  DisplayChar             
00000998  EndPWMStepperTab        
00000767  GPT1EventHandler        
00000127  GetAngle                
000000f5  HomeStepper             
0000036d  InitClocks              
000003df  InitGPIO                
00000459  InitGPTs                
000001ab  InitLCD                 
0000034d  InitPower               
00000001  InitStepperGPT          
0000043f  InstallGPT1Handler      
00000344  InvalidString           
000003a9  MoveVecTable            
200042e0  PWMPointer              
000008d8  PWMStepperTab           
000000c3  SetAngle                
00000109  SetHomeStepper          
000000e5  SetRelAngle             
000008b5  TI_memcpy_small         
200042dc  TargetPos               
20004200  VecTable                
0000057b  WaitLCDReady            
000005c1  WriteLCD                
00004000  __SYSMEM_SIZE           
00000000  __TI_ATRegion0_region_sz
00000000  __TI_ATRegion0_src_addr 
00000000  __TI_ATRegion0_trg_addr 
00000000  __TI_ATRegion1_region_sz
00000000  __TI_ATRegion1_src_addr 
00000000  __TI_ATRegion1_trg_addr 
00000000  __TI_ATRegion2_region_sz
00000000  __TI_ATRegion2_src_addr 
00000000  __TI_ATRegion2_trg_addr 
00000ab8  __TI_CINIT_Base         
00000ac0  __TI_CINIT_Limit        
00000ac0  __TI_CINIT_Warm         
00000ab0  __TI_Handler_Table_Base 
00000ab8  __TI_Handler_Table_Limit
00000841  __TI_decompress_lzss    
000008c7  __TI_decompress_none    
ffffffff  __TI_pprof_out_hndl     
ffffffff  __TI_prof_data_size     
ffffffff  __TI_prof_data_start    
00000000  __TI_static_base__      
000008d5  __aeabi_memcpy          
000008d5  __aeabi_memcpy4         
000008d5  __aeabi_memcpy8         
ffffffff  __binit__               
00000a90  __c_args__              
00057fa8  __ccfg                  
20000000  __start___llvm_prf_bits 
20000000  __start___llvm_prf_cnts 
20000000  __stop___llvm_prf_bits  
20000000  __stop___llvm_prf_cnts  
20000000  _sys_memory             
ffffffff  binit                   
0000063b  resetISR                


GLOBAL SYMBOLS: SORTED BY Symbol Address 

address   name                    
-------   ----                    
00000000  __TI_ATRegion0_region_sz
00000000  __TI_ATRegion0_src_addr 
00000000  __TI_ATRegion0_trg_addr 
00000000  __TI_ATRegion1_region_sz
00000000  __TI_ATRegion1_src_addr 
00000000  __TI_ATRegion1_trg_addr 
00000000  __TI_ATRegion2_region_sz
00000000  __TI_ATRegion2_src_addr 
00000000  __TI_ATRegion2_trg_addr 
00000000  __TI_static_base__      
00000001  InitStepperGPT          
000000c3  SetAngle                
000000e5  SetRelAngle             
000000f5  HomeStepper             
00000109  SetHomeStepper          
00000127  GetAngle                
000001ab  InitLCD                 
0000022d  DisplayChar             
000002cf  Display                 
00000344  InvalidString           
0000034d  InitPower               
0000036d  InitClocks              
000003a9  MoveVecTable            
000003df  InitGPIO                
0000043f  InstallGPT1Handler      
00000459  InitGPTs                
00000513  CheckPos                
0000057b  WaitLCDReady            
000005c1  WriteLCD                
0000063b  resetISR                
00000767  GPT1EventHandler        
00000841  __TI_decompress_lzss    
000008b5  TI_memcpy_small         
000008c7  __TI_decompress_none    
000008d5  __aeabi_memcpy          
000008d5  __aeabi_memcpy4         
000008d5  __aeabi_memcpy8         
000008d8  PWMStepperTab           
00000998  EndPWMStepperTab        
00000a90  __c_args__              
00000ab0  __TI_Handler_Table_Base 
00000ab8  __TI_CINIT_Base         
00000ab8  __TI_Handler_Table_Limit
00000ac0  __TI_CINIT_Limit        
00000ac0  __TI_CINIT_Warm         
00004000  __SYSMEM_SIZE           
00057fa8  __ccfg                  
20000000  __start___llvm_prf_bits 
20000000  __start___llvm_prf_cnts 
20000000  __stop___llvm_prf_bits  
20000000  __stop___llvm_prf_cnts  
20000000  _sys_memory             
20004200  VecTable                
200042d8  CurrentPos              
200042dc  TargetPos               
200042e0  PWMPointer              
200042e4  CursorRow               
200042e8  CursorCol               
200042ec  CallInvalid             
ffffffff  __TI_pprof_out_hndl     
ffffffff  __TI_prof_data_size     
ffffffff  __TI_prof_data_start    
ffffffff  __binit__               
ffffffff  binit                   

[64 symbols]
